Verification log – 2026-10-08 21:46:06 UTC
Execution time: 40.3s
Total proxies tested: 212
Working proxies found: 188
------------------------------------------------------------
Timestamp                   Host:Port                      Status Ping     Region
------------------------------------------------------------
2026-10-08T21:46:03.989209  kostyanchekloh.lol:443         FAIL   -        ru
2026-10-08T21:46:04.014559  ssh.meow0.co.uk:22             OK     0.051s   eu
2026-10-08T21:46:04.036798  x.shmelproxy.top:443           FAIL   -        ru
2026-10-08T21:46:04.053599  ssh2.best-moz.info:22          OK     0.079s   eu
2026-10-08T21:46:04.064115  ir-ir.esdata.info:8443         FAIL   -        eu
2026-10-08T21:46:04.065029  ir.esdata.info:8443            FAIL   -        eu
2026-10-08T21:46:04.072489  ir.flipme.info:8443            OK     0.104s   eu
2026-10-08T21:46:04.094366  208.87.242.223:8443            OK     0.029s   eu
2026-10-08T21:46:04.113376  46.224.27.205:443              FAIL   -        eu
2026-10-08T21:46:04.121779  167.235.193.107:8443           OK     0.152s   eu
2026-10-08T21:46:04.123357  65.109.176.207:8443            OK     0.17s    eu
2026-10-08T21:46:04.127674  167.235.200.61:8443            OK     0.158s   eu
2026-10-08T21:46:04.129357  167.235.199.97:8443            OK     0.158s   eu
2026-10-08T21:46:04.134440  name.golgoli2.co.uk:2096       OK     0.174s   eu
2026-10-08T21:46:04.134563  iro.varfootball2.co.uk:2053    OK     0.174s   eu
2026-10-08T21:46:04.136116  run.golgoli2.co.uk:2053        OK     0.175s   eu
2026-10-08T21:46:04.136219  shoes.golgoli2.co.uk:2096      OK     0.174s   eu
2026-10-08T21:46:04.136745  qadim.zhigool.co.uk:22         OK     0.177s   eu
2026-10-08T21:46:04.136831  char.anotelinopalk.co.uk:8880  OK     0.178s   eu
2026-10-08T21:46:04.137322  167.235.197.46:8443            OK     0.172s   eu
2026-10-08T21:46:04.138484  server3.Server-space52.info:443 FAIL   -        eu
2026-10-08T21:46:04.139195  pnj.anotelinopalk.co.uk:8880   OK     0.177s   eu
2026-10-08T21:46:04.140688  panir.begir.co.uk:8443         OK     0.173s   eu
2026-10-08T21:46:04.140815  135.181.192.163:8443           OK     0.17s    eu
2026-10-08T21:46:04.141960  at.foltmeingop.co.uk:8880      OK     0.177s   eu
2026-10-08T21:46:04.142641  mio.foltmeingop.co.uk:8880     OK     0.178s   eu
2026-10-08T21:46:04.142907  silnet.varfootball.co.uk:2053  OK     0.171s   eu
2026-10-08T21:46:04.143196  s7n.ir.ir.ir.meli-n12.info:8443 OK     0.188s   eu
2026-10-08T21:46:04.143472  price.syscloudio.co.uk:8443    OK     0.18s    eu
2026-10-08T21:46:04.143642  nasho.poolaki.co.uk:8443       OK     0.189s   eu
2026-10-08T21:46:04.143897  irluxcars.site:4455            OK     0.181s   eu
2026-10-08T21:46:04.144952  bale.foltmeingop.co.uk:8880    OK     0.176s   eu
2026-10-08T21:46:04.145740  mashti.just-money.co.uk:8880   OK     0.188s   eu
2026-10-08T21:46:04.146475  napoli.goooalir.co.uk:8443     OK     0.189s   eu
2026-10-08T21:46:04.148181  sn.ir.ir.ir.meli-n12.info:8443 OK     0.177s   eu
2026-10-08T21:46:04.148528  mangoseason8.co.uk:2096        OK     0.19s    eu
2026-10-08T21:46:04.149489  puot.mozitop.co.uk:8443        OK     0.184s   eu
2026-10-08T21:46:04.150326  refiq.poolaki.co.uk:8443       OK     0.189s   eu
2026-10-08T21:46:04.150876  silver.ciaude.co.uk:2096       OK     0.183s   eu
2026-10-08T21:46:04.151112  fruit.golgoli2.co.uk:2096      OK     0.178s   eu
2026-10-08T21:46:04.152359  habib-lisanser.browncolor.info:8443 OK     0.198s   eu
2026-10-08T21:46:04.152378  digi.golgoli2.co.uk:2096       OK     0.178s   eu
2026-10-08T21:46:04.153839  api.mangoseason5.co.uk:2053    OK     0.181s   eu
2026-10-08T21:46:04.154877  hash.anotelinopalk.co.uk:8880  OK     0.179s   eu
2026-10-08T21:46:04.155150  pashmak.mikhay.co.uk:8443      OK     0.2s     eu
2026-10-08T21:46:04.155258  whiteblox.org:4455             OK     0.182s   eu
2026-10-08T21:46:04.155766  khanda-makoni.lolauth.info:8443 OK     0.202s   eu
2026-10-08T21:46:04.156175  ving.mozitop.co.uk:8443        OK     0.195s   eu
2026-10-08T21:46:04.159152  noh.anotelinopalk.co.uk:8880   OK     0.198s   eu
2026-10-08T21:46:04.159261  mio.mozitop.co.uk:8443         OK     0.189s   eu
2026-10-08T21:46:04.159671  look.foltmeingop.co.uk:8880    OK     0.188s   eu
2026-10-08T21:46:04.162843  royaclinic.beauty:4455         OK     0.191s   eu
2026-10-08T21:46:04.163208  jhndoes.co.uk.:8443            OK     0.203s   eu
2026-10-08T21:46:04.163395  vasle-sho-binam.ebimarh.info:8443 OK     0.191s   eu
2026-10-08T21:46:04.163947  AZADI.goooalir.co.uk:8443      OK     0.197s   eu
2026-10-08T21:46:04.164338  saboon.mikhay.co.uk:8443       OK     0.206s   eu
2026-10-08T21:46:04.165081  for.you.goooalir.co.uk:8443    OK     0.197s   eu
2026-10-08T21:46:04.165224  nooshabe.mikhay.co.uk:8443     OK     0.211s   eu
2026-10-08T21:46:04.165364  cocorichmond.pareporeh.info.:7799 OK     0.192s   eu
2026-10-08T21:46:04.167925  support.infinityhalo.co.uk.:8443 OK     0.21s    eu
2026-10-08T21:46:04.168782  shampoo.mikhay.co.uk:8443      OK     0.205s   eu
2026-10-08T21:46:04.169301  me.foltmeingop.co.uk:8880      OK     0.2s     eu
2026-10-08T21:46:04.171997  pofak.mikhay.co.uk:8443        OK     0.205s   eu
2026-10-08T21:46:04.173303  21.mmd1.meli-n12.info:8443     OK     0.207s   eu
2026-10-08T21:46:04.173943  khande-bar-lab-mizanam.lolauth.info:8443 OK     0.208s   eu
2026-10-08T21:46:04.173956  melii.ir.meli-n13.info:8443    OK     0.202s   eu
2026-10-08T21:46:04.176711  connect.mishutkin.click:443    OK     0.222s   eu
2026-10-08T21:46:04.177563  comback-all.hosiyaman.info:8443 OK     0.204s   eu
2026-10-08T21:46:04.181293  my-iran.vingardium.co.uk:8443  OK     0.211s   eu
2026-10-08T21:46:04.181861  bastani.mikhay.co.uk:8443      OK     0.208s   eu
2026-10-08T21:46:04.182295  ir.grasic.info:8443            OK     0.218s   eu
2026-10-08T21:46:04.182624  honar.saheledarya.co.uk.:8443  OK     0.226s   eu
2026-10-08T21:46:04.183212  nocloudnew.co.uk.:8443         OK     0.219s   eu
2026-10-08T21:46:04.183566  dpi.Server-space52.info:443    FAIL   -        eu
2026-10-08T21:46:04.186465  shekargah.kolbar-zahmatkesh.info.:7799 OK     0.218s   eu
2026-10-08T21:46:04.187829  ir.xeonxu.info:8443            OK     0.233s   eu
2026-10-08T21:46:04.190176  mofid.saheledarya.co.uk.:8443  OK     0.226s   eu
2026-10-08T21:46:04.190619  fast.mishutkin.click:443       FAIL   -        eu
2026-10-08T21:46:04.195046  ir.ariely.info:8443            OK     0.238s   eu
2026-10-08T21:46:04.195201  mobile.mishutkin.click:443     FAIL   -        eu
2026-10-08T21:46:04.196535  pintrest-cool.browncolor.info:8443 OK     0.239s   eu
2026-10-08T21:46:04.197285  31.hide.newflamingodomain.co.uk:8443 OK     0.242s   eu
2026-10-08T21:46:04.200272  im.dumaniltd.co.uk:8443        OK     0.226s   eu
2026-10-08T21:46:04.202366  ir.radio-zvez.info:8443        OK     0.228s   eu
2026-10-08T21:46:04.204206  ir.ataman.info:8443            OK     0.242s   eu
2026-10-08T21:46:04.207803  Sorena.ir.igakwvwa.info:7443   OK     0.233s   eu
2026-10-08T21:46:04.208608  Qeshm.island.ir.igakwvwa.info:7443 OK     0.072s   eu
2026-10-08T21:46:04.209274  ir.xn--ds-bja.info:8443        OK     0.243s   eu
2026-10-08T21:46:04.220565  1.hide.newflamingodomain.co.uk:8443 OK     0.261s   eu
2026-10-08T21:46:04.220697  ir.makkers.co.uk:8443          OK     0.25s    eu
2026-10-08T21:46:04.221740  nor-bala.flashspder.info:8443  OK     0.261s   eu
2026-10-08T21:46:04.224297  jadid.porsorate.co.uk:4455     OK     0.262s   eu
2026-10-08T21:46:04.225660  severjadid.co.uk:4455          OK     0.261s   eu
2026-10-08T21:46:04.232539  ir-ir.grumpyoldmen.info:8443   OK     0.269s   eu
2026-10-08T21:46:04.232795  good.cipservice.co.uk:2083     OK     0.179s   eu
2026-10-08T21:46:04.246983  s47n.ir.ir.ir.meli-n12.info:8443 OK     0.183s   eu
2026-10-08T21:46:04.250116  craft.malavanann.co.uk:2083    OK     0.178s   eu
2026-10-08T21:46:04.251523  ir.panhandleflyers.info:8443   OK     0.281s   eu
2026-10-08T21:46:04.255906  sarma.miandoabs.info:8443      OK     0.289s   eu
2026-10-08T21:46:04.268596  shsh.anotelinopalk.co.uk:8880  OK     0.174s   eu
2026-10-08T21:46:04.284295  194.120.230.40:443             OK     0.145s   eu
2026-10-08T21:46:04.290529  5.9.214.208:8443               OK     0.153s   eu
2026-10-08T21:46:04.292181  yek.anotelinopalk.co.uk:8880   OK     0.156s   eu
2026-10-08T21:46:04.292423  FOR-IRAN.goooalir.co.uk:8443   OK     0.324s   eu
2026-10-08T21:46:04.293864  188.40.184.232:8443            OK     0.153s   eu
2026-10-08T21:46:04.294642  ghasam-be-shab.hosiyaman.info:8443 OK     0.157s   eu
2026-10-08T21:46:04.294661  dh1.masi.ir.he6fhd.ru:8443     OK     0.336s   eu
2026-10-08T21:46:04.295480  178.104.218.201:8443           OK     0.152s   eu
2026-10-08T21:46:04.302027  188.245.46.16:443              OK     0.161s   eu
2026-10-08T21:46:04.303128  hey.foltmeingop.co.uk:8880     OK     0.181s   eu
2026-10-08T21:46:04.304732  haf.anotelinopalk.co.uk:8880   OK     0.166s   eu
2026-10-08T21:46:04.314621  65.108.123.76:443              OK     0.166s   eu
2026-10-08T21:46:04.317737  mashti-khan.ebimarh.info:8443  OK     0.168s   eu
2026-10-08T21:46:04.323592  topproxt.asia:443              FAIL   -        ru
2026-10-08T21:46:04.325338  hadaf.golgoli2.co.uk:2053      OK     0.179s   eu
2026-10-08T21:46:04.325532  akenai.tg:853                  OK     0.311s   eu
2026-10-08T21:46:04.327281  nab.goooalir.co.uk:8443        OK     0.193s   eu
2026-10-08T21:46:04.328296  135.181.74.178:443             OK     0.172s   eu
2026-10-08T21:46:04.328928  31.77.146.140:2399             OK     0.147s   eu
2026-10-08T21:46:04.330863  91.107.190.68:8443             OK     0.157s   eu
2026-10-08T21:46:04.331012  Pooriyaye-vali.ir.igakwvwa.info.:7443 OK     0.184s   eu
2026-10-08T21:46:04.331440  server.syscloudio.co.uk:8443   OK     0.183s   eu
2026-10-08T21:46:04.333816  Arash-kamangir.ir.igakwvwa.info.:7443 OK     0.192s   eu
2026-10-08T21:46:04.334288  idiot.foltmeingop.co.uk:8880   OK     0.175s   eu
2026-10-08T21:46:04.335241  Rakhsh.ir.igakwvwa.info.:7443  OK     0.172s   eu
2026-10-08T21:46:04.339287  21.hide.newflamingodomain.co.uk:8443 OK     0.183s   eu
2026-10-08T21:46:04.339306  Lashboy.muzanesghy.co.uk:4455  OK     0.174s   eu
2026-10-08T21:46:04.341448  web.mangoseason7.co.uk:2096    OK     0.186s   eu
2026-10-08T21:46:04.343070  https-cdn-ddns.itdeveloper.info.:88 FAIL   -        eu
2026-10-08T21:46:04.343898  93.113.230.221:443             OK     0.22s    eu
2026-10-08T21:46:04.346972  dns.speed-benz.co.uk:8443      OK     0.203s   eu
2026-10-08T21:46:04.348481  great.cipservice.co.uk:2096    OK     0.189s   eu
2026-10-08T21:46:04.348882  dokhtar.nanaz.co.uk:8443       OK     0.189s   eu
2026-10-08T21:46:04.352857  reyhoon.shambelile.co.uk:8443  OK     0.179s   eu
2026-10-08T21:46:04.353213  167.233.89.249:443             OK     0.156s   eu
2026-10-08T21:46:04.353628  exiscos.co.uk.:8443            OK     0.209s   eu
2026-10-08T21:46:04.353900  irogallery.golgoli1.co.uk:2096 OK     0.171s   eu
2026-10-08T21:46:04.354010  91.107.170.251:8443            OK     0.152s   eu
2026-10-08T21:46:04.354178  fulll.ir.meli-n13.info:8443    OK     0.203s   eu
2026-10-08T21:46:04.355876  star.talebi.co.uk:2096         OK     0.174s   eu
2026-10-08T21:46:04.359355  opt.Server-space52.info:443    FAIL   -        eu
2026-10-08T21:46:04.359470  88.99.175.124:8                OK     0.152s   eu
2026-10-08T21:46:04.364650  kabab.mikhay.co.uk:8443        OK     0.212s   eu
2026-10-08T21:46:04.367272  bookmook.hichibehichi-co.info.:2882 OK     0.171s   eu
2026-10-08T21:46:04.367386  noon.begir.co.uk:8443          OK     0.177s   eu
2026-10-08T21:46:04.367613  lavashak.mikhay.co.uk:8443     OK     0.202s   eu
2026-10-08T21:46:04.369151  lte.mishutkin.click:443        FAIL   -        eu
2026-10-08T21:46:04.373288  vahshianeh.ghodratitarin.info.:7799 OK     0.185s   eu
2026-10-08T21:46:04.377278  ir.gnutella2.info:8443         OK     0.243s   eu
2026-10-08T21:46:04.377372  bo0ji.co.uk.:443               OK     0.213s   eu
2026-10-08T21:46:04.377456  you.foltmeingop.co.uk:8880     OK     0.156s   eu
2026-10-08T21:46:04.380171  premium.speed-benz.co.uk:8443  OK     0.194s   eu
2026-10-08T21:46:04.382734  math-test.bypased.info:8443    OK     0.2s     eu
2026-10-08T21:46:04.383336  kasco.alhosein.co.uk:4455      OK     0.22s    eu
2026-10-08T21:46:04.385885  H2O.miandoabs.info:8443        OK     0.242s   eu
2026-10-08T21:46:04.388369  ultra.mishutkin.click:443      FAIL   -        eu
2026-10-08T21:46:04.396038  65.109.191.104:8443            OK     0.17s    eu
2026-10-08T21:46:04.396260  do.anotelinopalk.co.uk:8880    OK     0.175s   eu
2026-10-08T21:46:04.397525  93.113.230.250:443             OK     0.22s    eu
2026-10-08T21:46:04.398389  portal.flashspder.info:8443    OK     0.215s   eu
2026-10-08T21:46:04.398460  nakoshimon-jomong.lolauth.info:8443 OK     0.194s   eu
2026-10-08T21:46:04.399381  soh5.goooalir.co.uk:8443       OK     0.204s   eu
2026-10-08T21:46:04.399790  ir.lv223.info:8443             OK     0.234s   eu
2026-10-08T21:46:04.401850  Rostam.ir.igakwvwa.info.:7443  OK     0.228s   eu
2026-10-08T21:46:04.408478  167.235.193.56:8443            OK     0.158s   eu
2026-10-08T21:46:04.409255  167.235.197.87:8443            OK     0.158s   eu
2026-10-08T21:46:04.411807  ir.genesbyjohn.info:8443       OK     0.259s   eu
2026-10-08T21:46:04.415334  tassian.goooalir.co.uk:8443    OK     0.206s   eu
2026-10-08T21:46:04.416113  rond-hamrahaval.ebimarh.info:8443 OK     0.447s   eu
2026-10-08T21:46:04.418495  vizhzhzhzhzh.bypased.info:8443 OK     0.163s   eu
2026-10-08T21:46:04.418850  PAyDaR.goooalir.co.uk:8443     OK     0.21s    eu
2026-10-08T21:46:04.420693  dns.vdl.lat:443                OK     0.278s   eu
2026-10-08T21:46:04.426017  kampozit-gonde.flashspder.info:8443 OK     0.202s   eu
2026-10-08T21:46:04.430853  ir.rebol.info:8443             OK     0.473s   eu
2026-10-08T21:46:04.432464  dizgrakh.mamadali.co.uk:4455   OK     0.277s   eu
2026-10-08T21:46:04.435328  becarefull.bypased.info:8443   OK     0.141s   eu
2026-10-08T21:46:04.445804  luxuryman.sbs:4455             OK     0.213s   eu
2026-10-08T21:46:04.446091  se.anotelinopalk.co.uk:8880    OK     0.177s   eu
2026-10-08T21:46:04.447272  borujerd-tehran-esfahan.miandoabs.info:8443 OK     0.155s   eu
2026-10-08T21:46:04.447897  ardebill.miandoabs.info:8443   OK     0.297s   eu
2026-10-08T21:46:04.453343  ir-ir.engematica.info:8443     OK     0.253s   eu
2026-10-08T21:46:04.453702  tazenafas.dingi3.co.uk:4455    OK     0.221s   eu
2026-10-08T21:46:04.458983  jadide.mamadali.co.uk:4455     OK     0.269s   eu
2026-10-08T21:46:04.463077  soheil.goooalir.co.uk:8443     OK     0.172s   eu
2026-10-08T21:46:04.464191  17fh.masi.ir.he6fhd.ru:8443    OK     0.217s   eu
2026-10-08T21:46:04.466377  65.109.181.71:8443             OK     0.171s   eu
2026-10-08T21:46:04.468744  zenon.flashspder.info:8443     OK     0.507s   eu
2026-10-08T21:46:04.469754  recordzan.herfeibash.info.:7799 OK     0.185s   eu
2026-10-08T21:46:04.472589  reborn.rebirthconnect.com:443  OK     0.317s   eu
2026-10-08T21:46:04.478740  e.networkmodeai.co.uk:8443     OK     0.186s   eu
2026-10-08T21:46:04.488528  ccc.horizon555.co.uk:8443      OK     0.321s   eu
2026-10-08T21:46:04.488688  royaclinic.co.uk:4455          OK     0.194s   eu
2026-10-08T21:46:04.496650  41.hide.newflamingodomain.co.uk:8443 OK     0.343s   eu
2026-10-08T21:46:04.497183  ahvaz.co.uk:4455               OK     0.203s   eu
2026-10-08T21:46:04.502724  appstoff.info:22               OK     0.326s   eu
2026-10-08T21:46:04.518082  ir.closcloud.co.uk:8443        OK     0.203s   eu
2026-10-08T21:46:04.521981  boro.poolaki.co.uk:8443        OK     0.301s   eu
2026-10-08T21:46:04.530225  3etare.co.uk.:8443             OK     0.225s   eu
2026-10-08T21:46:04.584969  731.masi.ir.he6fhd.ru:8443     OK     0.434s   eu
2026-10-08T21:46:04.661348  New.nchnch.co.uk:4455          OK     0.498s   eu
2026-10-08T21:46:04.680550  vasalshim.mamadgoli.co.uk:4455 OK     0.497s   eu
2026-10-08T21:46:05.428866  vasle.goooalir.co.uk:8443      OK     1.233s   eu
2026-10-08T21:46:05.972977  195.254.165.252:25565          FAIL   -        eu
2026-10-08T21:46:05.991526  195.254.165.247:25565          FAIL   -        eu
2026-10-08T21:46:06.008008  gram.blog:853                  FAIL   -        eu
2026-10-08T21:46:06.115776  195.254.165.251:25565          FAIL   -        eu
2026-10-08T21:46:06.138518  195.254.165.253:25565          FAIL   -        eu
2026-10-08T21:46:06.163876  mtproxygram.lol:853            FAIL   -        eu
2026-10-08T21:46:06.170971  195.254.165.250:25565          FAIL   -        eu
2026-10-08T21:46:06.173544  195.254.165.249:25565          FAIL   -        eu
2026-10-08T21:46:06.363084  ir.grumpyoldmen.info:8443      FAIL   -        eu
2026-10-08T21:46:06.713800  tgproxy.alnidok.ru:1437        FAIL   -        eu
------------------------------------------------------------

Top 20 fastest proxies:
  208.87.242.223:8443 | ping=0.029s | eu | 
  ssh.meow0.co.uk:22 | ping=0.051s | eu | 
  Qeshm.island.ir.igakwvwa.info:7443 | ping=0.072s | eu | 
  ssh2.best-moz.info:22 | ping=0.079s | eu | 
  ir.flipme.info:8443 | ping=0.104s | eu | 
  becarefull.bypased.info:8443 | ping=0.141s | eu | 
  194.120.230.40:443 | ping=0.145s | eu | 
  31.77.146.140:2399 | ping=0.147s | eu | 
  167.235.193.107:8443 | ping=0.152s | eu | 
  178.104.218.201:8443 | ping=0.152s | eu | 
  91.107.170.251:8443 | ping=0.152s | eu | 
  88.99.175.124:8 | ping=0.152s | eu | 
  5.9.214.208:8443 | ping=0.153s | eu | 
  188.40.184.232:8443 | ping=0.153s | eu | 
  borujerd-tehran-esfahan.miandoabs.info:8443 | ping=0.155s | eu | 
  yek.anotelinopalk.co.uk:8880 | ping=0.156s | eu | 
  167.233.89.249:443 | ping=0.156s | eu | 
  you.foltmeingop.co.uk:8880 | ping=0.156s | eu | 
  ghasam-be-shab.hosiyaman.info:8443 | ping=0.157s | eu | 
  91.107.190.68:8443 | ping=0.157s | eu | 
